C51 COMPILER V9.02   MAIN                                                                  03/22/2018 23:22:55 PAGE 1   


C51 COMPILER V9.02, COMPILATION OF MODULE MAIN
OBJECT MODULE PLACED IN ..\Output\MAIN.obj
COMPILER INVOKED BY: C:\Keil\C51\BIN\C51.EXE ..\Code\Public\MAIN.C BROWSE INCDIR(..\Code\DeveloperCode\inc;..\Code\Dirve
                    -rCode\inc;..\Code\Public\inc) DEBUG OBJECTEXTEND PRINT(..\Listing\MAIN.lst) OBJECT(..\Output\MAIN.obj)

line level    source

   1          /* *******************************************************************************************
   2          // 主函数
   3          // 注： 程序整体框架即更新日志请阅读Readme.txt，单个函数请右键Go To(需要正常的Listing文件？)；
   4          /* ******************************************************************************************* */
   5          #include "MAIN.H"
   6          
   7          /* *******************************************************************************************
   8          // 主函数
   9          /* ******************************************************************************************* */
  10          void main()
  11          {
  12   1              // IO电平初始化：
  13   1              InitIO();
  14   1          // 初始化LCD1602：
  15   1              LCD1602_Init(); 
  16   1              // 时间时钟初始化：
  17   1              Timer_Clock_Init();
  18   1              // 设定PCF8591读取端口：
  19   1              PCF8591_Con_Init(CON3);
  20   1          // 时基定时器初始化并开启中断总开关：
  21   1              InitInterrupt();
  22   1              // 初始化完成提示：
  23   1              InitOver();
  24   1              // 进入主循环：
  25   1              while (1)
  26   1              {
  27   2                      // 下载检测：
  28   2                      STC_ISP();
  29   2              
  30   2                      //
  31   2                      Read_PCF8591();
  32   2              }
  33   1      }


MODULE INFORMATION:   STATIC OVERLAYABLE
   CODE SIZE        =     28    ----
   CONSTANT SIZE    =   ----    ----
   XDATA SIZE       =   ----    ----
   PDATA SIZE       =   ----    ----
   DATA SIZE        =   ----    ----
   IDATA SIZE       =   ----    ----
   BIT SIZE         =   ----    ----
END OF MODULE INFORMATION.


C51 COMPILATION COMPLETE.  0 WARNING(S),  0 ERROR(S)
