C51 COMPILER V9.02   I2C                                                                   03/25/2018 22:00:48 PAGE 1   


C51 COMPILER V9.02, COMPILATION OF MODULE I2C
OBJECT MODULE PLACED IN ..\Output\I2C.obj
COMPILER INVOKED BY: C:\Keil\C51\BIN\C51.EXE ..\Code\DirverCode\I2C.C BROWSE INCDIR(..\Code\DeveloperCode\inc;..\Code\Di
                    -rverCode\inc;..\Code\Public\inc) DEBUG OBJECTEXTEND PRINT(..\Listing\I2C.lst) OBJECT(..\Output\I2C.obj)

line level    source

   1          /* *******************************************************************************************
   2          // Author:      biu~
   3          // Last Date:   2018/03/22
   4          // 蓝桥杯国赛驱动，添加注释；
   5          
   6              在一个设计里做两条I2C的人就是 Zz；
   7          /* ******************************************************************************************* */
   8          #include "I2C.H"
   9          
  10          sbit I2C_SCL = P3^5;
  11          sbit I2C_SDA = P3^4;
  12          
  13          /* *******************************************************************************************
  14          // I2C启动信号
  15          /* ******************************************************************************************* */
  16          void I2C_Start()
  17          {
  18   1          I2C_SCL = 1;
  19   1          Delay1US();
  20   1          I2C_SDA = 1;
  21   1          Delay1US();
  22   1          I2C_SDA = 0;
  23   1          Delay1US();
  24   1          I2C_SCL = 0;
  25   1      }
  26          
  27          /* *******************************************************************************************
  28          // I2C停止信号
  29          /* ******************************************************************************************* */
  30          void I2C_Stop()
  31          {
  32   1          I2C_SCL = 0;
  33   1          Delay1US();
  34   1          I2C_SDA = 1;
  35   1          Delay1US();
  36   1          I2C_SCL = 1;
  37   1          Delay1US();
  38   1          I2C_SDA = 0;
  39   1      }
  40          
  41          /* *******************************************************************************************
  42          // I2C应答信号
  43          /* ******************************************************************************************* */
  44          static bit I2C_Ack()
  45          {
  46   1          I2C_SCL = 1;
  47   1          Delay1US();
  48   1          CY = I2C_SDA;
  49   1          I2C_SCL = 0;
  50   1          return CY;
  51   1      }
  52          
  53          /* *******************************************************************************************
  54          // 向I2C总线发送一字节的数据
C51 COMPILER V9.02   I2C                                                                   03/25/2018 22:00:48 PAGE 2   

  55          /* ******************************************************************************************* */
  56          void I2C_Send_Byte(u8 send_data)
  57          {
  58   1          u8 i;
  59   1          for (i=0; i<8; i++)
  60   1          {
  61   2              send_data <<= 1;
  62   2              I2C_SDA = CY;
  63   2              Delay1US();
  64   2              I2C_SCL = 1;
  65   2              Delay1US();
  66   2              I2C_SCL = 0;
  67   2              Delay1US();
  68   2          }
  69   1          I2C_Ack();
  70   1      }
  71          
  72          /* *******************************************************************************************
  73          // 从I2C总线接收一字节的数据
  74          /* ******************************************************************************************* */
  75          u8 I2C_Recv_Byte()
  76          {
  77   1          u8 i,recv_data;
  78   1          I2C_SDA = 1;            //内部拉高；
  79   1          Delay1US();
  80   1          for (i=0; i<8; i++)
  81   1          {
  82   2              recv_data <<= 1;
  83   2              I2C_SCL = 1;
  84   2              Delay1US();
  85   2              if(I2C_SDA)
  86   2                  recv_data++;
  87   2              I2C_SCL = 0;
  88   2              Delay1US();
  89   2          }
  90   1          I2C_Ack();
  91   1          return recv_data;
  92   1      }


MODULE INFORMATION:   STATIC OVERLAYABLE
   CODE SIZE        =    128    ----
   CONSTANT SIZE    =   ----    ----
   XDATA SIZE       =   ----    ----
   PDATA SIZE       =   ----    ----
   DATA SIZE        =   ----       4
   IDATA SIZE       =   ----    ----
   BIT SIZE         =   ----    ----
END OF MODULE INFORMATION.


C51 COMPILATION COMPLETE.  0 WARNING(S),  0 ERROR(S)
