C51 COMPILER V9.02   MAIN                                                                  03/24/2018 11:29:25 PAGE 1   


C51 COMPILER V9.02, COMPILATION OF MODULE MAIN
OBJECT MODULE PLACED IN ..\Output\MAIN.obj
COMPILER INVOKED BY: C:\Keil\C51\BIN\C51.EXE ..\Code\Public\MAIN.C BROWSE INCDIR(..\Code\DeveloperCode\inc;..\Code\Dirve
                    -rCode\inc;..\Code\Public\inc) DEBUG OBJECTEXTEND PRINT(..\Listing\MAIN.lst) OBJECT(..\Output\MAIN.obj)

line level    source

   1          /* *******************************************************************************************
   2          // 主函数
   3          // 注： 程序整体框架即更新日志请阅读README.md，单个函数请右键Go To(需要正常的Listing文件？)；
   4          /* ******************************************************************************************* */
   5          #include "MAIN.H"
   6          
   7          /* *******************************************************************************************
   8          // 主函数
   9          /* ******************************************************************************************* */
  10          void main()
  11          {
  12   1          // 系统自检与系统初始化：
  13   1          SysSelftest_And_SysInit();
  14   1              // 进入主循环：
  15   1          while (1)
  16   1              {
  17   2                      // 下载检测：
  18   2                      STC_ISP();
  19   2              
  20   2                      // 按键响应：
  21   2                      KeyResponse();
  22   2              // 将AD值转换为湿度百分比：
  23   2              AD_to_Humidity();   
  24   2              // 非自动模式下湿度过低发出警报：
  25   2              BuzzerControl();
  26   2              // 显示控制：
  27   2              DisControl();
  28   2          #ifdef DeveloperMode
  29   2              DelayMS(200);       //消除仿真闪烁（减小清屏占空）；
  30   2          #else
                      DelayMS(10);        //增加实物亮度（减小清屏占空）；
                  #endif
  33   2      
  34   2              }
  35   1      }


MODULE INFORMATION:   STATIC OVERLAYABLE
   CODE SIZE        =     27    ----
   CONSTANT SIZE    =   ----    ----
   XDATA SIZE       =   ----    ----
   PDATA SIZE       =   ----    ----
   DATA SIZE        =   ----    ----
   IDATA SIZE       =   ----    ----
   BIT SIZE         =   ----    ----
END OF MODULE INFORMATION.


C51 COMPILATION COMPLETE.  0 WARNING(S),  0 ERROR(S)
