C51 COMPILER V9.02   SYSSELF_TEST_AND_SYSINIT                                              03/25/2018 22:00:49 PAGE 1   


C51 COMPILER V9.02, COMPILATION OF MODULE SYSSELF_TEST_AND_SYSINIT
OBJECT MODULE PLACED IN ..\Output\SysSelf-test_And_SysInit.obj
COMPILER INVOKED BY: C:\Keil\C51\BIN\C51.EXE ..\Code\DeveloperCode\SysSelf-test_And_SysInit.C BROWSE INCDIR(..\Code\Deve
                    -loperCode\inc;..\Code\DirverCode\inc;..\Code\Public\inc) DEBUG OBJECTEXTEND PRINT(..\Listing\SysSelf-test_And_SysInit.ls
                    -t) OBJECT(..\Output\SysSelf-test_And_SysInit.obj)

line level    source

   1          /* *******************************************************************************************
   2          // Author: biu~
   3          // System self-test and initialization;系统自检与初始化；
   4          /* ******************************************************************************************* */
   5          
   6          #include "SysSelf-test_And_SysInit.H"
   7          
   8          /* *******************************************************************************************
   9          // 系统自检与初始化整合函数：
  10          /* ******************************************************************************************* */
  11          extern void sysSelftest();
  12          extern void sysInit();
  13          extern void initOver();
  14          void SysSelftest_And_SysInit()
  15          {
  16   1          // 系统自检：
  17   1          sysSelftest();
  18   1          // 系统初始化：
  19   1          sysInit();
  20   1          // 初始化完成提示：
  21   1          initOver();
  22   1      }
  23          /* *******************************************************************************************
  24          // 系统自检：
  25          /* ******************************************************************************************* */
  26          static void sysSelftest()
  27          {
  28   1          u8 temp_ad;
  29   1          // 初始化LCD1602：
  30   1              LCD1602_Init(); 
  31   1              // 设置PCF8591检测亮度：
  32   1          PCF8591_Con_Init(CON1);
  33   1          Read_PCF8591();                 //第一组值丢弃；
  34   1      #ifndef DeveloperMode               //调试模式下不再执行，耗时较长；
  35   1      //    TestCode();
  36   1          // 检测1602显示：
  37   1          Dis_SysSelftest();
  38   1          Dis_ProgressBar(2);
  39   1          // 系统状态提示灯常亮0.8S：
  40   1          SysLED_On();
  41   1          DelayMS(800);
  42   1          SysLED_Off();
  43   1          Dis_ProgressBar(4);
  44   1          // 继电器打开0.5S：
  45   1          Relay_On();
  46   1          DelayMS(500);
  47   1          Relay_Off();
  48   1          Dis_ProgressBar(4);
  49   1          // 蜂鸣器打开0.3S：
  50   1          Buzzer_On();
  51   1          DelayMS(300);
  52   1          Buzzer_Off();
  53   1          Dis_ProgressBar(4);
C51 COMPILER V9.02   SYSSELF_TEST_AND_SYSINIT                                              03/25/2018 22:00:49 PAGE 2   

  54   1      #endif
  55   1          // 检测光线强度：
  56   1          temp_ad = Read_PCF8591(); 
  57   1          if (temp_ad > LIGHT_INTENSITY_THRESHOLD)
  58   1          {
  59   2              Dis_Its_Daytime_Not_Night(temp_ad, FALSE);
  60   2      //        TestCode();
  61   2          }
  62   1          else
  63   1          {
  64   2              Dis_Its_Daytime_Not_Night(temp_ad, TRUE);
  65   2          }
  66   1          DelayMS(1500);
  67   1      }
  68          /* *******************************************************************************************
  69          // 系统初始化
  70          /* ******************************************************************************************* */
  71          extern void initIO();
  72          static void sysInit()
  73          {
  74   1          Dis_init_();
  75   1          // IO电平初始化：
  76   1          initIO();
  77   1          Dis_ProgressBar(4);
  78   1              // 时间时钟初始化：
  79   1              Timer_Clock_Init();
  80   1          Dis_ProgressBar(4);
  81   1              // 设定PCF8591读取端口为传感器端：
  82   1              PCF8591_Con_Init(CON3);
  83   1          Read_PCF8591();                         //第一组值丢弃；
  84   1          Dis_ProgressBar(4);
  85   1          DelayMS(450);                           //阻塞感，让人有“正在加载”的感觉；
  86   1          // 时基定时器初始化并开启中断总开关：
  87   1          InitInterrupt();
  88   1          Dis_ProgressBar(4);
  89   1          initOver();
  90   1          LCD1602_Clear();                        //清除显示信息；
  91   1      }
  92          
  93          /* *******************************************************************************************
  94          // IO电平初始化
  95          /* ******************************************************************************************* */
  96          static void initIO()
  97          {
  98   1          P0 = 0xFF;
  99   1          P1 = 0xFF;  
 100   1          P2 = 0xFF;  
 101   1          P3 = 0xFF;  
 102   1      //    P4 = 0xFF;        
 103   1      //    P5 = 0xFF;        
 104   1      //    P6 = 0xFF;        
 105   1      //    P7 = 0xFF;        
 106   1      //    P0M0 = 0x00;      
 107   1      //    P0M1 = 0x00;      
 108   1      //    P1M0 = 0x00;      
 109   1      //    P1M1 = 0x00;      
 110   1      //    P2M0 = 0x00;      
 111   1      //    P2M1 = 0x00;      
 112   1      //    P3M0 = 0x00;      
 113   1      //    P3M1 = 0x00;      
 114   1      //    P4M0 = 0x00;      
 115   1      //    P4M1 = 0x00;      
C51 COMPILER V9.02   SYSSELF_TEST_AND_SYSINIT                                              03/25/2018 22:00:49 PAGE 3   

 116   1      //    P5M0 = 0x00;      
 117   1      //    P5M1 = 0x00;      
 118   1      //    P6M0 = 0x00;      
 119   1      //    P6M1 = 0x00;      
 120   1      //    P7M0 = 0x00;      
 121   1      //    P7M1 = 0x00;      
 122   1      }
 123          
 124          /* *******************************************************************************************
 125          // 初始化完成提示
 126          /* ******************************************************************************************* */
 127          static void initOver()
 128          {
 129   1          SysLED_Flash(50, 2);
 130   1      }


MODULE INFORMATION:   STATIC OVERLAYABLE
   CODE SIZE        =    181    ----
   CONSTANT SIZE    =   ----    ----
   XDATA SIZE       =   ----    ----
   PDATA SIZE       =   ----    ----
   DATA SIZE        =   ----       1
   IDATA SIZE       =   ----    ----
   BIT SIZE         =   ----    ----
END OF MODULE INFORMATION.


C51 COMPILATION COMPLETE.  0 WARNING(S),  0 ERROR(S)
